// Jest Snapshot v1, https://goo.gl/fbAQLP

exports[`User -- should render <User /> component 1`] = `
Array [
  <div>
    <br />
    <button
      onClick={[Function]}
    >
      Show User Details
    </button>
    <br />
    <br />
    Name:
    <span
      username={undefined}
    />
    <br />
    <br />
    Type of Contract:  Consultant: 
    <input
      checked={false}
      name="contract"
      type="radio"
      value="false"
    />
      Parmanent: 
    <input
      checked={false}
      name="contract"
      type="radio"
      value="false"
    />
    <br />
    <br />
    Country of Residence: 
    <select
      value={undefined}
    >
      <option
        value="ae"
      >
        United Arab Emirates
      </option>
      <option
        value="ng"
      >
        Nigeria
      </option>
      <option
        value="uk"
      >
        United Kingdom
      </option>
      <option
        value="us"
      >
        United States of America
      </option>
    </select>
  </div>,
]
`;
